[     901ms] [INFO] %cDownload the React DevTools for a better development experience: https://reactjs.org/link/react-devtools font-weight:bold @ http://localhost:5173/node_modules/.vite/deps/chunk-XQLYTHWV.js?v=7b0c76d4:21550
[ 1076019ms] ReferenceError: Docs is not defined
    at App (http://localhost:5173/src/App.jsx?t=1781163036820:41:84)
    at renderWithHooks (http://localhost:5173/node_modules/.vite/deps/chunk-XQLYTHWV.js?v=7b0c76d4:11548:26)
    at updateFunctionComponent (http://localhost:5173/node_modules/.vite/deps/chunk-XQLYTHWV.js?v=7b0c76d4:14582:28)
    at beginWork (http://localhost:5173/node_modules/.vite/deps/chunk-XQLYTHWV.js?v=7b0c76d4:15924:22)
    at HTMLUnknownElement.callCallback2 (http://localhost:5173/node_modules/.vite/deps/chunk-XQLYTHWV.js?v=7b0c76d4:3674:22)
    at Object.invokeGuardedCallbackDev (http://localhost:5173/node_modules/.vite/deps/chunk-XQLYTHWV.js?v=7b0c76d4:3699:24)
    at invokeGuardedCallback (http://localhost:5173/node_modules/.vite/deps/chunk-XQLYTHWV.js?v=7b0c76d4:3733:39)
    at beginWork$1 (http://localhost:5173/node_modules/.vite/deps/chunk-XQLYTHWV.js?v=7b0c76d4:19765:15)
    at performUnitOfWork (http://localhost:5173/node_modules/.vite/deps/chunk-XQLYTHWV.js?v=7b0c76d4:19198:20)
    at workLoopSync (http://localhost:5173/node_modules/.vite/deps/chunk-XQLYTHWV.js?v=7b0c76d4:19137:13)
[ 1076025ms] ReferenceError: Docs is not defined
    at App (http://localhost:5173/src/App.jsx?t=1781163036820:41:84)
    at renderWithHooks (http://localhost:5173/node_modules/.vite/deps/chunk-XQLYTHWV.js?v=7b0c76d4:11548:26)
    at updateFunctionComponent (http://localhost:5173/node_modules/.vite/deps/chunk-XQLYTHWV.js?v=7b0c76d4:14582:28)
    at beginWork (http://localhost:5173/node_modules/.vite/deps/chunk-XQLYTHWV.js?v=7b0c76d4:15924:22)
    at HTMLUnknownElement.callCallback2 (http://localhost:5173/node_modules/.vite/deps/chunk-XQLYTHWV.js?v=7b0c76d4:3674:22)
    at Object.invokeGuardedCallbackDev (http://localhost:5173/node_modules/.vite/deps/chunk-XQLYTHWV.js?v=7b0c76d4:3699:24)
    at invokeGuardedCallback (http://localhost:5173/node_modules/.vite/deps/chunk-XQLYTHWV.js?v=7b0c76d4:3733:39)
    at beginWork$1 (http://localhost:5173/node_modules/.vite/deps/chunk-XQLYTHWV.js?v=7b0c76d4:19765:15)
    at performUnitOfWork (http://localhost:5173/node_modules/.vite/deps/chunk-XQLYTHWV.js?v=7b0c76d4:19198:20)
    at workLoopSync (http://localhost:5173/node_modules/.vite/deps/chunk-XQLYTHWV.js?v=7b0c76d4:19137:13)
[ 1076047ms] [ERROR] The above error occurred in the <App> component:

    at App (http://localhost:5173/src/App.jsx?t=1781163036820:41:84)
    at QueryClientProvider (http://localhost:5173/node_modules/.vite/deps/@tanstack_react-query.js?v=7b0c76d4:3235:3)

Consider adding an error boundary to your tree to customize error handling behavior.
Visit https://reactjs.org/link/error-boundaries to learn more about error boundaries. @ http://localhost:5173/node_modules/.vite/deps/chunk-XQLYTHWV.js?v=7b0c76d4:14031
[ 1076077ms] ReferenceError: Docs is not defined
    at App (http://localhost:5173/src/App.jsx?t=1781163036820:41:84)
    at renderWithHooks (http://localhost:5173/node_modules/.vite/deps/chunk-XQLYTHWV.js?v=7b0c76d4:11548:26)
    at updateFunctionComponent (http://localhost:5173/node_modules/.vite/deps/chunk-XQLYTHWV.js?v=7b0c76d4:14582:28)
    at beginWork (http://localhost:5173/node_modules/.vite/deps/chunk-XQLYTHWV.js?v=7b0c76d4:15924:22)
    at beginWork$1 (http://localhost:5173/node_modules/.vite/deps/chunk-XQLYTHWV.js?v=7b0c76d4:19753:22)
    at performUnitOfWork (http://localhost:5173/node_modules/.vite/deps/chunk-XQLYTHWV.js?v=7b0c76d4:19198:20)
    at workLoopSync (http://localhost:5173/node_modules/.vite/deps/chunk-XQLYTHWV.js?v=7b0c76d4:19137:13)
    at renderRootSync (http://localhost:5173/node_modules/.vite/deps/chunk-XQLYTHWV.js?v=7b0c76d4:19116:15)
    at recoverFromConcurrentError (http://localhost:5173/node_modules/.vite/deps/chunk-XQLYTHWV.js?v=7b0c76d4:18736:28)
    at performSyncWorkOnRoot (http://localhost:5173/node_modules/.vite/deps/chunk-XQLYTHWV.js?v=7b0c76d4:18879:28)
[ 1103230ms] [ERROR] Failed to load resource: the server responded with a status of 404 (Not Found) @ http://localhost:5173/src/pages/Docs.jsx?t=1781163064456:0
[ 1103231ms] [ERROR] [hmr] Failed to reload /src/pages/Docs.jsx. This could be due to syntax errors or importing non-existent modules. (see errors above) @ http://localhost:5173/@vite/client:175
[ 1169512ms] [ERROR] Failed to load resource: the server responded with a status of 500 (Internal Server Error) @ http://localhost:5173/src/pages/CaseStudy.jsx?t=1781163130491:0
[ 1169534ms] [ERROR] [hmr] Failed to reload /src/pages/CaseStudy.jsx. This could be due to syntax errors or importing non-existent modules. (see errors above) @ http://localhost:5173/@vite/client:175
